// Jest Snapshot v1, https://goo.gl/fbAQLP

exports[`TodoForm renders children correctly 1`] = `
<div
  className="commentForm vert-offset-top-2"
>
  <div
    className="clearfix"
  >
    <form
      onSubmit={[Function]}
    >
      <div
        className="form-row"
      >
        <div
          className="form-group col-md-4"
        >
          <label
            htmlFor="summary"
          >
            Event 
            <span
              className="text-danger font-weight-bold"
            >
              *
            </span>
          </label>
          <input
            autoComplete="off"
            className="form-control"
            id="summary"
            maxLength="90"
            placeholder="What do you need to do?"
            required={true}
            type="text"
          />
        </div>
        <div
          className="form-group col-md-3"
        >
          <label
            htmlFor="start"
          >
            Start 
            <span
              className="text-danger font-weight-bold"
            >
              *
            </span>
          </label>
          <input
            autoComplete="off"
            className="form-control"
            id="start"
            placeholder="start"
            required={true}
            type="text"
          />
        </div>
        <div
          className="form-group col-md-3"
        >
          <label
            htmlFor="end"
          >
            End 
            <span
              className="text-danger font-weight-bold"
            >
              *
            </span>
          </label>
          <input
            autoComplete="off"
            className="form-control"
            id="end"
            placeholder="end"
            required={true}
            type="text"
          />
        </div>
        <div
          className="form-group col-md-2"
        >
          <label
            htmlFor=""
          >
            Operation
          </label>
          <input
            className="btn btn-primary float-right"
            type="submit"
            value="Add Event"
          />
        </div>
      </div>
      <div
        className="form-row"
      >
        <div
          className="form-group col-md-10"
        >
          <label
            htmlFor="description"
          >
            Description
          </label>
          <input
            autoComplete="off"
            className="form-control"
            id="description"
            maxLength="180"
            placeholder="What is this event detail?"
            type="text"
          />
        </div>
      </div>
    </form>
  </div>
  <hr />
</div>
`;
